---
source: src/gen.rs
expression: result.passages
---
[
    Passage {
        cells: [],
        start: (
            2,
            0,
            5,
        ),
        start_dirs: {
            Near,
        },
        start_room_id: RoomId(
            1,
        ),
        end_room_id: RoomId(
            9,
        ),
        height: 2,
    },
    Passage {
        cells: [],
        start: (
            2,
            0,
            14,
        ),
        start_dirs: {
            Near,
        },
        start_room_id: RoomId(
            2,
        ),
        end_room_id: RoomId(
            3,
        ),
        height: 2,
    },
    Passage {
        cells: [],
        start: (
            4,
            0,
            10,
        ),
        start_dirs: {
            Far,
        },
        start_room_id: RoomId(
            2,
        ),
        end_room_id: RoomId(
            8,
        ),
        height: 2,
    },
    Passage {
        cells: [],
        start: (
            4,
            0,
            22,
        ),
        start_dirs: {
            Right,
        },
        start_room_id: RoomId(
            3,
        ),
        end_room_id: RoomId(
            10,
        ),
        height: 2,
    },
    Passage {
        cells: [],
        start: (
            10,
            0,
            8,
        ),
        start_dirs: {
            Left,
        },
        start_room_id: RoomId(
            4,
        ),
        end_room_id: RoomId(
            8,
        ),
        height: 2,
    },
    Passage {
        cells: [],
        start: (
            15,
            0,
            4,
        ),
        start_dirs: {
            Right,
        },
        start_room_id: RoomId(
            4,
        ),
        end_room_id: RoomId(
            11,
        ),
        height: 2,
    },
    Passage {
        cells: [],
        start: (
            10,
            0,
            21,
        ),
        start_dirs: {
            Left,
        },
        start_room_id: RoomId(
            5,
        ),
        end_room_id: RoomId(
            10,
        ),
        height: 2,
    },
    Passage {
        cells: [],
        start: (
            15,
            0,
            19,
        ),
        start_dirs: {
            Right,
        },
        start_room_id: RoomId(
            5,
        ),
        end_room_id: RoomId(
            12,
        ),
        height: 2,
    },
    Passage {
        cells: [],
        start: (
            20,
            0,
            5,
        ),
        start_dirs: {
            Left,
            Far,
        },
        start_room_id: RoomId(
            6,
        ),
        end_room_id: RoomId(
            11,
        ),
        height: 2,
    },
    Passage {
        cells: [],
        start: (
            21,
            0,
            20,
        ),
        start_dirs: {
            Left,
        },
        start_room_id: RoomId(
            7,
        ),
        end_room_id: RoomId(
            12,
        ),
        height: 2,
    },
    Passage {
        cells: [],
        start: (
            4,
            3,
            5,
        ),
        start_dirs: {
            Left,
            Far,
        },
        start_room_id: RoomId(
            8,
        ),
        end_room_id: RoomId(
            9,
        ),
        height: 2,
    },
]
